// Game: LD56Game
// Format: Valve
// entity 0
{
"mapversion" "220"
"classname" "worldspawn"
"_tb_textures" "assets/textures"
// brush 0
{
( -624 -64 -16 ) ( -624 -63 -16 ) ( -624 -64 -15 ) DEBUG_64 [ 0 -1 0 0 ] [ 0 0 -1 0 ] 0 1 1
( -64 -400 -16 ) ( -64 -400 -15 ) ( -63 -400 -16 ) DEBUG_64 [ 1 0 0 0 ] [ 0 0 -1 0 ] 0 1 1
( -64 -64 -208 ) ( -63 -64 -208 ) ( -64 -63 -208 ) DEBUG_64 [ -1 0 0 0 ] [ 0 -1 0 0 ] 0 1 1
( 64 64 16 ) ( 64 65 16 ) ( 65 64 16 ) DEBUG_64 [ 1 0 0 0 ] [ 0 -1 0 0 ] 0 1 1
( 64 816 16 ) ( 65 816 16 ) ( 64 816 17 ) DEBUG_64 [ -1 0 0 0 ] [ 0 0 -1 0 ] 0 1 1
( 1472 64 16 ) ( 1472 64 17 ) ( 1472 65 16 ) DEBUG_64 [ 0 1 0 0 ] [ 0 0 -1 0 ] 0 1 1
}
}
// entity 1
{
"classname" "KittenContainer"
"origin" "-232 216 24"
}
// entity 2
{
"classname" "TardigradeContainer"
"origin" "-72 184 24"
}
// entity 3
{
"classname" "KittenCluster"
"origin" "-40 -248 24"
}
// entity 4
{
"classname" "KittenCluster"
"origin" "-88 -232 24"
}
// entity 5
{
"classname" "KittenCluster"
"origin" "24 -216 24"
}
// entity 6
{
"classname" "KittenCluster"
"origin" "-248 -168 24"
}
// entity 7
{
"classname" "KittenCluster"
"origin" "-264 -200 24"
}
// entity 8
{
"classname" "KittenCluster"
"origin" "-216 -216 24"
}
// entity 9
{
"classname" "KittenCluster"
"origin" "-232 -264 24"
}
// entity 10
{
"classname" "KittenCluster"
"origin" "-72 -168 24"
}
// entity 11
{
"classname" "KittenCluster"
"origin" "328 -296 24"
}
// entity 12
{
"classname" "KittenCluster"
"origin" "-88 -296 24"
}
